src/pages/admin/MenuManagement.tsx(227,11): error TS6133: 'getIngredientsSummary' is declared but its value is never read.
src/pages/bar/BarDashboard.tsx(1,17): error TS6133: 'useState' is declared but its value is never read.
src/pages/bar/BarDashboard.tsx(1,27): error TS6133: 'useEffect' is declared but its value is never read.
src/pages/bar/BarDashboard.tsx(3,1): error TS6133: 'orderService' is declared but its value is never read.
src/pages/bar/BarDashboard.tsx(4,1): error TS6133: 'getSocket' is declared but its value is never read.
src/pages/bar/BarDashboard.tsx(5,1): error TS6133: 'toast' is declared but its value is never read.
src/pages/cashier/CashierDashboard.tsx(8,10): error TS6133: 'HiOutlineCash' is declared but its value is never read.
src/pages/cashier/CashierDashboard.tsx(219,37): error TS6133: 'groupKey' is declared but its value is never read.
src/pages/cashier/CashierDashboard.tsx(244,11): error TS6133: 'togglePay' is declared but its value is never read.
src/pages/kitchen/KitchenDashboard.tsx(1,17): error TS6133: 'useState' is declared but its value is never read.
src/pages/kitchen/KitchenDashboard.tsx(1,27): error TS6133: 'useEffect' is declared but its value is never read.
src/pages/kitchen/KitchenDashboard.tsx(3,1): error TS6133: 'orderService' is declared but its value is never read.
src/pages/kitchen/KitchenDashboard.tsx(4,1): error TS6133: 'getSocket' is declared but its value is never read.
src/pages/kitchen/KitchenDashboard.tsx(5,1): error TS6133: 'toast' is declared but its value is never read.
src/pages/waiter/WaiterOrders.tsx(2,1): error TS6133: 'useAuth' is declared but its value is never read.
src/pages/waiter/WaiterOrders.tsx(3,10): error TS6133: 'getDisplayTableNumber' is declared but its value is never read.
